Error happened at: "2025-12-17 12:57:33.133236 +05:30"
	Error sending to ws